------------------------------------------------------------
Timing Analyzer Summary
------------------------------------------------------------

Type  : Slow 1100mV 85C Model Setup 'clk'
Slack : -1.038
TNS   : -4.703

Type  : Slow 1100mV 85C Model Hold 'clk'
Slack : 0.394
TNS   : 0.000

Type  : Slow 1100mV 85C Model Minimum Pulse Width 'clk'
Slack : -0.538
TNS   : -4.621

Type  : Slow 1100mV 0C Model Setup 'clk'
Slack : -1.130
TNS   : -5.081

Type  : Slow 1100mV 0C Model Hold 'clk'
Slack : 0.373
TNS   : 0.000

Type  : Slow 1100mV 0C Model Minimum Pulse Width 'clk'
Slack : -0.538
TNS   : -4.698

Type  : Fast 1100mV 85C Model Setup 'clk'
Slack : -0.004
TNS   : -0.004

Type  : Fast 1100mV 85C Model Hold 'clk'
Slack : 0.182
TNS   : 0.000

Type  : Fast 1100mV 85C Model Minimum Pulse Width 'clk'
Slack : -0.089
TNS   : -0.533

Type  : Fast 1100mV 0C Model Setup 'clk'
Slack : 0.069
TNS   : 0.000

Type  : Fast 1100mV 0C Model Hold 'clk'
Slack : 0.170
TNS   : 0.000

Type  : Fast 1100mV 0C Model Minimum Pulse Width 'clk'
Slack : -0.092
TNS   : -0.550

------------------------------------------------------------
